// Jest Snapshot v1, https://goo.gl/fbAQLP

exports[`<Footer /> it should mount 1`] = `
<DocumentFragment>
  <footer
    class="Footer"
    data-testid="Footer"
  >
    <div
      class="Content"
    >
      <span
        class="Year"
      >
        20
        <span
          class="Year__End"
        >
          22
        </span>
      </span>
      <span
        class="Caption"
      >
        Built with 
        <a
          href="https://nextjs.org/"
          rel="noreferrer"
          target="_blank"
        >
          Next.js
        </a>
      </span>
    </div>
  </footer>
</DocumentFragment>
`;
